64 Mary Ryan
89 Michael Murphy
22 Pepe
78 Jenny Smith
5a Patrick James McMahon
89 John Kelly
22 Pepe
74 John C. Reilly
90 Penelope Pitstop